javafx.fxml.LoadException: 
/C:/Users/eyasa/IdeaProjects/javafx-app/target/classes/tn/esprit/dashboard.fxml:145

	at javafx.fxml/javafx.fxml.FXMLLoader.constructLoadException(FXMLLoader.java:2714)
	at javafx.fxml/javafx.fxml.FXMLLoader.loadImpl(FXMLLoader.java:2657)
	at javafx.fxml/javafx.fxml.FXMLLoader.loadImpl(FXMLLoader.java:2555)
	at javafx.fxml/javafx.fxml.FXMLLoader.loadImpl(FXMLLoader.java:3368)
	at javafx.fxml/javafx.fxml.FXMLLoader.loadImpl(FXMLLoader.java:3324)
	at javafx.fxml/javafx.fxml.FXMLLoader.loadImpl(FXMLLoader.java:3292)
	at javafx.fxml/javafx.fxml.FXMLLoader.loadImpl(FXMLLoader.java:3264)
	at javafx.fxml/javafx.fxml.FXMLLoader.loadImpl(FXMLLoader.java:3240)
	at javafx.fxml/javafx.fxml.FXMLLoader.load(FXMLLoader.java:3233)
	at tn.esprit.Main.start(Main.java:16)
	at javafx.graphics/com.sun.javafx.application.LauncherImpl.lambda$launchApplication1$9(LauncherImpl.java:847)
	at javafx.graphics/com.sun.javafx.application.PlatformImpl.lambda$runAndWait$12(PlatformImpl.java:484)
	at javafx.graphics/com.sun.javafx.application.PlatformImpl.lambda$runLater$10(PlatformImpl.java:457)
	at java.base/java.security.AccessController.doPrivileged(AccessController.java:400)
	at javafx.graphics/com.sun.javafx.application.PlatformImpl.lambda$runLater$11(PlatformImpl.java:456)
	at javafx.graphics/com.sun.glass.ui.InvokeLaterDispatcher$Future.run(InvokeLaterDispatcher.java:96)
	at javafx.graphics/com.sun.glass.ui.win.WinApplication._runLoop(Native Method)
	at javafx.graphics/com.sun.glass.ui.win.WinApplication.lambda$runLoop$3(WinApplication.java:184)
	at java.base/java.lang.Thread.run(Thread.java:1575)
Caused by: javax.xml.stream.XMLStreamException: ParseError at [row,col]:[145,61]
Message: The value of attribute "text" associated with an element type "Label" must not contain the '<' character.
	at java.xml/com.sun.org.apache.xerces.internal.impl.XMLStreamReaderImpl.next(XMLStreamReaderImpl.java:652)
	at java.xml/javax.xml.stream.util.StreamReaderDelegate.next(StreamReaderDelegate.java:84)
	at javafx.fxml/javafx.fxml.FXMLLoader.loadImpl(FXMLLoader.java:2627)
	... 17 more
